[backblue.gif]
[fade.gif]
[index.html]
[www.captionbot.ai/favicon3860.ico]
[www.captionbot.ai/Content/cssa9f0.css]
[www.captionbot.ai/bundles/modernizr8fce]
[www.captionbot.ai/bundles/jqueryc061]
[www.captionbot.ai/Images/microsoft_logo.png]
[www.captionbot.ai/Images/placeholder.png]
[www.captionbot.ai/images/2.jpg]
[www.captionbot.ai/images/3.jpg]
[www.captionbot.ai/images/4.jpg]
[www.captionbot.ai/images/upload.png]
[www.captionbot.ai/images/5.jpg]
[www.captionbot.ai/images/6.jpg]
[www.captionbot.ai/images/7.jpg]
[www.captionbot.ai/bundles/javascript1c6f]
[www.captionbot.ai/bundles/websitece8b]
[www.captionbot.ai/bundles/chat133f]
[www.captionbot.ai/Home/Magic9ed2.html]
[www.captionbot.ai/bundles/bootstrap1b68]
[www.captionbot.ai/bundles/share5f59]
[www.captionbot.ai/index.html]
[www.captionbot.ai/fonts/glyphicons-halflings-regular.eot]
[www.captionbot.ai/fonts/glyphicons-halflings-regulard41d.eot]
[www.captionbot.ai/fonts/glyphicons-halflings-regular.ttf]
[www.captionbot.ai/fonts/segoeui.ttf]
[www.captionbot.ai/fonts/segoeuil.ttf]
[www.captionbot.ai/fonts/seguisb.ttf]
[www.captionbot.ai/Images/captionbot.png]
[www.captionbot.ai/Images/starEmpty.png]
[www.captionbot.ai/Images/starFull.png]
[www.captionbot.ai/Content/cssa9f0.css]
[www.captionbot.ai/'/Home/Magic'_Learn.html]
[www.captionbot.ai/2.html]
[www.captionbot.ai/3.html]
[www.captionbot.ai/4.html]
[www.captionbot.ai/5.html]
[www.captionbot.ai/6.html]
[www.captionbot.ai/7.html]
[www.captionbot.ai/Images/magic/computervision.png]
[www.captionbot.ai/Images/magic/emotion.png]
[www.captionbot.ai/Images/magic/bingimage.png]
[www.captionbot.ai/Images/magic/howold.png]
[www.captionbot.ai/Images/magic/TwinsOrNot.png]
[www.captionbot.ai/Images/magic/moustache.png]
[www.captionbot.ai/Images/magic/fetch.png]
[www.captionbot.ai/Images/magic/celebslikeme.png]
[www.captionbot.ai/Home/Magic9ed2.html]
[www.captionbot.ai/Give me the URL to an image.html]
[www.captionbot.ai/The Magic behind CaptionBot.html]
[www.captionbot.ai/fonts/glyphicons-halflings-regular.html]
[www.captionbot.ai/fonts/glyphicons-halflings-regular.svg]
[www.captionbot.ai/fonts/segoeui.html]
[www.captionbot.ai/fonts/segoeui-2.html]
[www.captionbot.ai/fonts/segoeuil.html]
[www.captionbot.ai/fonts/seguisb.html]
[www.captionbot.ai/Home/Give me the URL to an image.html]
[www.captionbot.ai/Home/The Magic behind CaptionBot.html]
